02-Jun-2026 11:59:33.745 INFO [main] org.apache.catalina.startup.VersionLoggerListener.log Server version name:   Apache Tomcat/11.0.22
02-Jun-2026 11:59:33.749 INFO [main] org.apache.catalina.startup.VersionLoggerListener.log Server built:          May 1 2026 18:29:05 UTC
02-Jun-2026 11:59:33.749 INFO [main] org.apache.catalina.startup.VersionLoggerListener.log Server version number: 11.0.22.0
02-Jun-2026 11:59:33.749 INFO [main] org.apache.catalina.startup.VersionLoggerListener.log OS Name:               Linux
02-Jun-2026 11:59:33.749 INFO [main] org.apache.catalina.startup.VersionLoggerListener.log OS Version:            7.0.0-15-generic
02-Jun-2026 11:59:33.749 INFO [main] org.apache.catalina.startup.VersionLoggerListener.log Architecture:          amd64
02-Jun-2026 11:59:33.750 INFO [main] org.apache.catalina.startup.VersionLoggerListener.log Java Home:             /usr/lib/jvm/java-25-openjdk-amd64
02-Jun-2026 11:59:33.750 INFO [main] org.apache.catalina.startup.VersionLoggerListener.log JVM Version:           25.0.3-ea+7-Ubuntu-2
02-Jun-2026 11:59:33.750 INFO [main] org.apache.catalina.startup.VersionLoggerListener.log JVM Vendor:            Ubuntu
02-Jun-2026 11:59:33.750 INFO [main] org.apache.catalina.startup.VersionLoggerListener.log CATALINA_BASE:         /home/sgmasta/code/uni/semester4/ds/ex6/apache-tomcat-11.0.22
02-Jun-2026 11:59:33.750 INFO [main] org.apache.catalina.startup.VersionLoggerListener.log CATALINA_HOME:         /home/sgmasta/code/uni/semester4/ds/ex6/apache-tomcat-11.0.22
02-Jun-2026 11:59:33.762 INFO [main] org.apache.catalina.startup.VersionLoggerListener.log Command line argument: -Djava.util.logging.config.file=/home/sgmasta/code/uni/semester4/ds/ex6/apache-tomcat-11.0.22/conf/logging.properties
02-Jun-2026 11:59:33.763 INFO [main] org.apache.catalina.startup.VersionLoggerListener.log Command line argument: -Djava.util.logging.manager=org.apache.juli.ClassLoaderLogManager
02-Jun-2026 11:59:33.763 INFO [main] org.apache.catalina.startup.VersionLoggerListener.log Command line argument: -Djdk.tls.ephemeralDHKeySize=2048
02-Jun-2026 11:59:33.763 INFO [main] org.apache.catalina.startup.VersionLoggerListener.log Command line argument: -Dorg.apache.catalina.security.SecurityListener.UMASK=0027
02-Jun-2026 11:59:33.764 INFO [main] org.apache.catalina.startup.VersionLoggerListener.log Command line argument: --add-opens=java.base/java.lang=ALL-UNNAMED
02-Jun-2026 11:59:33.764 INFO [main] org.apache.catalina.startup.VersionLoggerListener.log Command line argument: --add-opens=java.base/java.lang.reflect=ALL-UNNAMED
02-Jun-2026 11:59:33.764 INFO [main] org.apache.catalina.startup.VersionLoggerListener.log Command line argument: --add-opens=java.base/java.io=ALL-UNNAMED
02-Jun-2026 11:59:33.764 INFO [main] org.apache.catalina.startup.VersionLoggerListener.log Command line argument: --add-opens=java.base/java.util=ALL-UNNAMED
02-Jun-2026 11:59:33.764 INFO [main] org.apache.catalina.startup.VersionLoggerListener.log Command line argument: --add-opens=java.base/java.util.concurrent=ALL-UNNAMED
02-Jun-2026 11:59:33.764 INFO [main] org.apache.catalina.startup.VersionLoggerListener.log Command line argument: --add-opens=java.rmi/sun.rmi.transport=ALL-UNNAMED
02-Jun-2026 11:59:33.764 INFO [main] org.apache.catalina.startup.VersionLoggerListener.log Command line argument: --enable-native-access=ALL-UNNAMED
02-Jun-2026 11:59:33.765 INFO [main] org.apache.catalina.startup.VersionLoggerListener.log Command line argument: -Dcatalina.base=/home/sgmasta/code/uni/semester4/ds/ex6/apache-tomcat-11.0.22
02-Jun-2026 11:59:33.765 INFO [main] org.apache.catalina.startup.VersionLoggerListener.log Command line argument: -Dcatalina.home=/home/sgmasta/code/uni/semester4/ds/ex6/apache-tomcat-11.0.22
02-Jun-2026 11:59:33.765 INFO [main] org.apache.catalina.startup.VersionLoggerListener.log Command line argument: -Djava.io.tmpdir=/home/sgmasta/code/uni/semester4/ds/ex6/apache-tomcat-11.0.22/temp
02-Jun-2026 11:59:33.767 INFO [main] org.apache.catalina.core.AprLifecycleListener.lifecycleEvent The Apache Tomcat Native library which allows using OpenSSL was not found on the java.library.path: [/usr/java/packages/lib:/usr/lib/x86_64-linux-gnu/jni:/lib/x86_64-linux-gnu:/usr/lib/x86_64-linux-gnu:/usr/lib/jni:/lib:/usr/lib]
02-Jun-2026 11:59:34.123 INFO [main] org.apache.coyote.AbstractProtocol.init Initializing ProtocolHandler ["http-nio-8080"]
02-Jun-2026 11:59:34.154 INFO [main] org.apache.catalina.startup.Catalina.load Server initialization in [619] milliseconds
02-Jun-2026 11:59:34.206 INFO [main] org.apache.catalina.core.StandardService.startInternal Starting service [Catalina]
02-Jun-2026 11:59:34.206 INFO [main] org.apache.catalina.core.StandardEngine.startInternal Starting Servlet engine: [Apache Tomcat/11.0.22]
02-Jun-2026 11:59:34.217 INFO [main] org.apache.catalina.startup.HostConfig.deployDirectory Deploying web application directory [/home/sgmasta/code/uni/semester4/ds/ex6/apache-tomcat-11.0.22/webapps/ROOT]
02-Jun-2026 11:59:34.549 INFO [main] org.apache.catalina.startup.HostConfig.deployDirectory Deployment of web application directory [/home/sgmasta/code/uni/semester4/ds/ex6/apache-tomcat-11.0.22/webapps/ROOT] has finished in [328] ms
02-Jun-2026 11:59:34.549 INFO [main] org.apache.catalina.startup.HostConfig.deployDirectory Deploying web application directory [/home/sgmasta/code/uni/semester4/ds/ex6/apache-tomcat-11.0.22/webapps/examples]
02-Jun-2026 11:59:34.873 INFO [main] org.apache.catalina.startup.HostConfig.deployDirectory Deployment of web application directory [/home/sgmasta/code/uni/semester4/ds/ex6/apache-tomcat-11.0.22/webapps/examples] has finished in [324] ms
02-Jun-2026 11:59:34.874 INFO [main] org.apache.catalina.startup.HostConfig.deployDirectory Deploying web application directory [/home/sgmasta/code/uni/semester4/ds/ex6/apache-tomcat-11.0.22/webapps/manager]
02-Jun-2026 11:59:34.907 INFO [main] org.apache.catalina.startup.HostConfig.deployDirectory Deployment of web application directory [/home/sgmasta/code/uni/semester4/ds/ex6/apache-tomcat-11.0.22/webapps/manager] has finished in [32] ms
02-Jun-2026 11:59:34.907 INFO [main] org.apache.catalina.startup.HostConfig.deployDirectory Deploying web application directory [/home/sgmasta/code/uni/semester4/ds/ex6/apache-tomcat-11.0.22/webapps/docs]
02-Jun-2026 11:59:34.930 INFO [main] org.apache.catalina.startup.HostConfig.deployDirectory Deployment of web application directory [/home/sgmasta/code/uni/semester4/ds/ex6/apache-tomcat-11.0.22/webapps/docs] has finished in [23] ms
02-Jun-2026 11:59:34.931 INFO [main] org.apache.catalina.startup.HostConfig.deployDirectory Deploying web application directory [/home/sgmasta/code/uni/semester4/ds/ex6/apache-tomcat-11.0.22/webapps/host-manager]
02-Jun-2026 11:59:34.957 INFO [main] org.apache.catalina.startup.HostConfig.deployDirectory Deployment of web application directory [/home/sgmasta/code/uni/semester4/ds/ex6/apache-tomcat-11.0.22/webapps/host-manager] has finished in [26] ms
02-Jun-2026 11:59:34.962 INFO [main] org.apache.coyote.AbstractProtocol.start Starting ProtocolHandler ["http-nio-8080"]
02-Jun-2026 11:59:34.976 INFO [main] org.apache.catalina.startup.Catalina.start Server startup in [818] milliseconds
02-Jun-2026 12:02:25.067 INFO [Catalina-utility-2] org.apache.catalina.startup.HostConfig.undeploy Undeploying context []
02-Jun-2026 12:02:25.078 INFO [Catalina-utility-2] org.apache.catalina.startup.HostConfig.undeploy Undeploying context [/examples]
02-Jun-2026 12:02:25.082 INFO [Catalina-utility-2] org.apache.catalina.startup.HostConfig.undeploy Undeploying context [/host-manager]
02-Jun-2026 12:02:25.086 INFO [Catalina-utility-2] org.apache.catalina.startup.HostConfig.undeploy Undeploying context [/manager]
02-Jun-2026 12:02:25.089 INFO [Catalina-utility-2] org.apache.catalina.startup.HostConfig.undeploy Undeploying context [/docs]
02-Jun-2026 12:02:25.092 INFO [Catalina-utility-2] org.apache.catalina.startup.HostConfig.deployDirectory Deploying web application directory [/home/sgmasta/code/uni/semester4/ds/ex6/apache-tomcat-11.0.22/webapps/ROOT]
02-Jun-2026 12:02:25.112 INFO [Catalina-utility-2] org.apache.catalina.startup.HostConfig.deployDirectory Deployment of web application directory [/home/sgmasta/code/uni/semester4/ds/ex6/apache-tomcat-11.0.22/webapps/ROOT] has finished in [19] ms
02-Jun-2026 12:02:25.112 INFO [Catalina-utility-2] org.apache.catalina.startup.HostConfig.deployDirectory Deploying web application directory [/home/sgmasta/code/uni/semester4/ds/ex6/apache-tomcat-11.0.22/webapps/examples]
02-Jun-2026 12:02:25.262 INFO [Catalina-utility-2] org.apache.catalina.startup.HostConfig.deployDirectory Deployment of web application directory [/home/sgmasta/code/uni/semester4/ds/ex6/apache-tomcat-11.0.22/webapps/examples] has finished in [150] ms
02-Jun-2026 12:02:25.263 INFO [Catalina-utility-2] org.apache.catalina.startup.HostConfig.deployDirectory Deploying web application directory [/home/sgmasta/code/uni/semester4/ds/ex6/apache-tomcat-11.0.22/webapps/manager]
02-Jun-2026 12:02:25.289 INFO [Catalina-utility-2] org.apache.catalina.startup.HostConfig.deployDirectory Deployment of web application directory [/home/sgmasta/code/uni/semester4/ds/ex6/apache-tomcat-11.0.22/webapps/manager] has finished in [27] ms
02-Jun-2026 12:02:25.289 INFO [Catalina-utility-2] org.apache.catalina.startup.HostConfig.deployDirectory Deploying web application directory [/home/sgmasta/code/uni/semester4/ds/ex6/apache-tomcat-11.0.22/webapps/docs]
02-Jun-2026 12:02:25.308 INFO [Catalina-utility-2] org.apache.catalina.startup.HostConfig.deployDirectory Deployment of web application directory [/home/sgmasta/code/uni/semester4/ds/ex6/apache-tomcat-11.0.22/webapps/docs] has finished in [18] ms
02-Jun-2026 12:02:25.308 INFO [Catalina-utility-2] org.apache.catalina.startup.HostConfig.deployDirectory Deploying web application directory [/home/sgmasta/code/uni/semester4/ds/ex6/apache-tomcat-11.0.22/webapps/host-manager]
02-Jun-2026 12:02:25.335 INFO [Catalina-utility-2] org.apache.catalina.startup.HostConfig.deployDirectory Deployment of web application directory [/home/sgmasta/code/uni/semester4/ds/ex6/apache-tomcat-11.0.22/webapps/host-manager] has finished in [26] ms
02-Jun-2026 12:12:15.670 INFO [Catalina-utility-2] org.apache.catalina.startup.HostConfig.deployDirectory Deploying web application directory [/home/sgmasta/code/uni/semester4/ds/ex6/apache-tomcat-11.0.22/webapps/a6]
02-Jun-2026 12:12:15.686 INFO [Catalina-utility-2] org.apache.catalina.startup.HostConfig.deployDirectory Deployment of web application directory [/home/sgmasta/code/uni/semester4/ds/ex6/apache-tomcat-11.0.22/webapps/a6] has finished in [16] ms
02-Jun-2026 12:45:01.182 INFO [main] org.apache.catalina.core.StandardServer.await A valid shutdown command was received via the shutdown port. Stopping the Server instance.
02-Jun-2026 12:45:01.183 INFO [main] org.apache.coyote.AbstractProtocol.pause Pausing ProtocolHandler ["http-nio-8080"]
02-Jun-2026 12:45:01.190 INFO [main] org.apache.catalina.core.StandardService.stopInternal Stopping service [Catalina]
02-Jun-2026 12:45:01.206 INFO [main] org.apache.coyote.AbstractProtocol.stop Stopping ProtocolHandler ["http-nio-8080"]
02-Jun-2026 12:45:01.213 INFO [main] org.apache.coyote.AbstractProtocol.destroy Destroying ProtocolHandler ["http-nio-8080"]
02-Jun-2026 12:45:19.659 INFO [main] org.apache.catalina.startup.VersionLoggerListener.log Server version name:   Apache Tomcat/11.0.22
02-Jun-2026 12:45:19.664 INFO [main] org.apache.catalina.startup.VersionLoggerListener.log Server built:          May 1 2026 18:29:05 UTC
02-Jun-2026 12:45:19.664 INFO [main] org.apache.catalina.startup.VersionLoggerListener.log Server version number: 11.0.22.0
02-Jun-2026 12:45:19.665 INFO [main] org.apache.catalina.startup.VersionLoggerListener.log OS Name:               Linux
02-Jun-2026 12:45:19.665 INFO [main] org.apache.catalina.startup.VersionLoggerListener.log OS Version:            7.0.0-15-generic
02-Jun-2026 12:45:19.665 INFO [main] org.apache.catalina.startup.VersionLoggerListener.log Architecture:          amd64
02-Jun-2026 12:45:19.665 INFO [main] org.apache.catalina.startup.VersionLoggerListener.log Java Home:             /usr/lib/jvm/java-25-openjdk-amd64
02-Jun-2026 12:45:19.665 INFO [main] org.apache.catalina.startup.VersionLoggerListener.log JVM Version:           25.0.3-ea+7-Ubuntu-2
02-Jun-2026 12:45:19.665 INFO [main] org.apache.catalina.startup.VersionLoggerListener.log JVM Vendor:            Ubuntu
02-Jun-2026 12:45:19.666 INFO [main] org.apache.catalina.startup.VersionLoggerListener.log CATALINA_BASE:         /home/sgmasta/code/uni/semester4/ds/ex6/apache-tomcat-11.0.22
02-Jun-2026 12:45:19.666 INFO [main] org.apache.catalina.startup.VersionLoggerListener.log CATALINA_HOME:         /home/sgmasta/code/uni/semester4/ds/ex6/apache-tomcat-11.0.22
02-Jun-2026 12:45:19.675 INFO [main] org.apache.catalina.startup.VersionLoggerListener.log Command line argument: -Djava.util.logging.config.file=/home/sgmasta/code/uni/semester4/ds/ex6/apache-tomcat-11.0.22/conf/logging.properties
02-Jun-2026 12:45:19.676 INFO [main] org.apache.catalina.startup.VersionLoggerListener.log Command line argument: -Djava.util.logging.manager=org.apache.juli.ClassLoaderLogManager
02-Jun-2026 12:45:19.676 INFO [main] org.apache.catalina.startup.VersionLoggerListener.log Command line argument: -Djdk.tls.ephemeralDHKeySize=2048
02-Jun-2026 12:45:19.676 INFO [main] org.apache.catalina.startup.VersionLoggerListener.log Command line argument: -Dorg.apache.catalina.security.SecurityListener.UMASK=0027
02-Jun-2026 12:45:19.676 INFO [main] org.apache.catalina.startup.VersionLoggerListener.log Command line argument: --add-opens=java.base/java.lang=ALL-UNNAMED
02-Jun-2026 12:45:19.676 INFO [main] org.apache.catalina.startup.VersionLoggerListener.log Command line argument: --add-opens=java.base/java.lang.reflect=ALL-UNNAMED
02-Jun-2026 12:45:19.677 INFO [main] org.apache.catalina.startup.VersionLoggerListener.log Command line argument: --add-opens=java.base/java.io=ALL-UNNAMED
02-Jun-2026 12:45:19.677 INFO [main] org.apache.catalina.startup.VersionLoggerListener.log Command line argument: --add-opens=java.base/java.util=ALL-UNNAMED
02-Jun-2026 12:45:19.677 INFO [main] org.apache.catalina.startup.VersionLoggerListener.log Command line argument: --add-opens=java.base/java.util.concurrent=ALL-UNNAMED
02-Jun-2026 12:45:19.677 INFO [main] org.apache.catalina.startup.VersionLoggerListener.log Command line argument: --add-opens=java.rmi/sun.rmi.transport=ALL-UNNAMED
02-Jun-2026 12:45:19.677 INFO [main] org.apache.catalina.startup.VersionLoggerListener.log Command line argument: --enable-native-access=ALL-UNNAMED
02-Jun-2026 12:45:19.678 INFO [main] org.apache.catalina.startup.VersionLoggerListener.log Command line argument: -Dcatalina.base=/home/sgmasta/code/uni/semester4/ds/ex6/apache-tomcat-11.0.22
02-Jun-2026 12:45:19.678 INFO [main] org.apache.catalina.startup.VersionLoggerListener.log Command line argument: -Dcatalina.home=/home/sgmasta/code/uni/semester4/ds/ex6/apache-tomcat-11.0.22
02-Jun-2026 12:45:19.678 INFO [main] org.apache.catalina.startup.VersionLoggerListener.log Command line argument: -Djava.io.tmpdir=/home/sgmasta/code/uni/semester4/ds/ex6/apache-tomcat-11.0.22/temp
02-Jun-2026 12:45:19.680 INFO [main] org.apache.catalina.core.AprLifecycleListener.lifecycleEvent The Apache Tomcat Native library which allows using OpenSSL was not found on the java.library.path: [/usr/java/packages/lib:/usr/lib/x86_64-linux-gnu/jni:/lib/x86_64-linux-gnu:/usr/lib/x86_64-linux-gnu:/usr/lib/jni:/lib:/usr/lib]
02-Jun-2026 12:45:20.026 INFO [main] org.apache.coyote.AbstractProtocol.init Initializing ProtocolHandler ["http-nio-8080"]
02-Jun-2026 12:45:20.054 INFO [main] org.apache.catalina.startup.Catalina.load Server initialization in [618] milliseconds
02-Jun-2026 12:45:20.112 INFO [main] org.apache.catalina.core.StandardService.startInternal Starting service [Catalina]
02-Jun-2026 12:45:20.113 INFO [main] org.apache.catalina.core.StandardEngine.startInternal Starting Servlet engine: [Apache Tomcat/11.0.22]
02-Jun-2026 12:45:20.128 INFO [main] org.apache.catalina.startup.HostConfig.deployDirectory Deploying web application directory [/home/sgmasta/code/uni/semester4/ds/ex6/apache-tomcat-11.0.22/webapps/a6]
02-Jun-2026 12:45:20.520 INFO [main] org.apache.catalina.startup.HostConfig.deployDirectory Deployment of web application directory [/home/sgmasta/code/uni/semester4/ds/ex6/apache-tomcat-11.0.22/webapps/a6] has finished in [389] ms
02-Jun-2026 12:45:20.521 INFO [main] org.apache.catalina.startup.HostConfig.deployDirectory Deploying web application directory [/home/sgmasta/code/uni/semester4/ds/ex6/apache-tomcat-11.0.22/webapps/ROOT]
02-Jun-2026 12:45:20.563 INFO [main] org.apache.catalina.startup.HostConfig.deployDirectory Deployment of web application directory [/home/sgmasta/code/uni/semester4/ds/ex6/apache-tomcat-11.0.22/webapps/ROOT] has finished in [42] ms
02-Jun-2026 12:45:20.564 INFO [main] org.apache.catalina.startup.HostConfig.deployDirectory Deploying web application directory [/home/sgmasta/code/uni/semester4/ds/ex6/apache-tomcat-11.0.22/webapps/examples]
02-Jun-2026 12:45:20.876 INFO [main] org.apache.catalina.startup.HostConfig.deployDirectory Deployment of web application directory [/home/sgmasta/code/uni/semester4/ds/ex6/apache-tomcat-11.0.22/webapps/examples] has finished in [312] ms
02-Jun-2026 12:45:20.877 INFO [main] org.apache.catalina.startup.HostConfig.deployDirectory Deploying web application directory [/home/sgmasta/code/uni/semester4/ds/ex6/apache-tomcat-11.0.22/webapps/manager]
02-Jun-2026 12:45:20.938 INFO [main] org.apache.catalina.startup.HostConfig.deployDirectory Deployment of web application directory [/home/sgmasta/code/uni/semester4/ds/ex6/apache-tomcat-11.0.22/webapps/manager] has finished in [61] ms
02-Jun-2026 12:45:20.939 INFO [main] org.apache.catalina.startup.HostConfig.deployDirectory Deploying web application directory [/home/sgmasta/code/uni/semester4/ds/ex6/apache-tomcat-11.0.22/webapps/docs]
02-Jun-2026 12:45:20.980 INFO [main] org.apache.catalina.startup.HostConfig.deployDirectory Deployment of web application directory [/home/sgmasta/code/uni/semester4/ds/ex6/apache-tomcat-11.0.22/webapps/docs] has finished in [41] ms
02-Jun-2026 12:45:20.981 INFO [main] org.apache.catalina.startup.HostConfig.deployDirectory Deploying web application directory [/home/sgmasta/code/uni/semester4/ds/ex6/apache-tomcat-11.0.22/webapps/host-manager]
02-Jun-2026 12:45:21.029 INFO [main] org.apache.catalina.startup.HostConfig.deployDirectory Deployment of web application directory [/home/sgmasta/code/uni/semester4/ds/ex6/apache-tomcat-11.0.22/webapps/host-manager] has finished in [48] ms
02-Jun-2026 12:45:21.041 INFO [main] org.apache.coyote.AbstractProtocol.start Starting ProtocolHandler ["http-nio-8080"]
02-Jun-2026 12:45:21.060 INFO [main] org.apache.catalina.startup.Catalina.start Server startup in [1003] milliseconds
02-Jun-2026 13:05:01.788 INFO [Catalina-utility-2] org.apache.catalina.core.StandardContext.reload Reloading Context with name [/a6] has started
02-Jun-2026 13:05:01.821 INFO [Catalina-utility-2] org.apache.catalina.core.StandardContext.reload Reloading Context with name [/a6] is completed
02-Jun-2026 13:05:41.845 INFO [Catalina-utility-2] org.apache.catalina.core.StandardContext.reload Reloading Context with name [/a6] has started
02-Jun-2026 13:05:41.871 INFO [Catalina-utility-2] org.apache.catalina.core.StandardContext.reload Reloading Context with name [/a6] is completed
